[     271ms] [LOG] [FAST CONNECT] wss://gateway.discord.gg/?encoding=json&v=9&compress=zlib-stream, encoding: json, version: 9 @ https://discord.com/channels/1550041523226411038/1550062872690950156:28
[    1430ms] [LOG] [FAST CONNECT] sending identify @ https://discord.com/assets/556707.bb1a25f3c212ce8f.js:464
[    1468ms] [INFO] %c[libdiscore] 
font-weight: bold;
color: purple;
 [experiment_manager] Loaded experiments from cache @ https://discord.com/assets/556707.bb1a25f3c212ce8f.js:464
[    1557ms] [LOG] %c[ProcessUtilsElectron] 
font-weight: bold;
color: purple;
 setMemoryInformation not available. @ https://discord.com/assets/556707.bb1a25f3c212ce8f.js:464
[    1672ms] [LOG] %c[default] 
font-weight: bold;
color: purple;
 [BUILD INFO] Release Channel: stable, Build Number: 614181, Version Hash: 9cd5ac96bdeb925f3eabb47661399865ad12bbdf @ https://discord.com/assets/556707.bb1a25f3c212ce8f.js:464
[    1676ms] [LOG] AppCrashedFatalReport: getLastCrash not supported. @ https://discord.com/assets/556707.bb1a25f3c212ce8f.js:464
[    1748ms] [INFO] %c[libdiscore] 
font-weight: bold;
color: purple;
 The answer for life the universe and everything is: 42 @ https://discord.com/assets/556707.bb1a25f3c212ce8f.js:464
[    2293ms] [INFO] %c[GatewaySocket] 
font-weight: bold;
color: purple;
 [CONNECT] wss://gateway.discord.gg, encoding: json, version: 9, compression: zlib-stream @ https://discord.com/assets/556707.bb1a25f3c212ce8f.js:464
[    2293ms] [LOG] %c[GatewaySocket] 
font-weight: bold;
color: purple;
 [FAST CONNECT] successfully took over websocket, state: {open: true, identify: true, gateway: wss://gateway.discord.gg/?encoding=json&v=9&compress=zlib-stream, messages: 1} @ https://discord.com/assets/556707.bb1a25f3c212ce8f.js:464
[    2294ms] [INFO] %c[GatewaySocket] 
font-weight: bold;
color: purple;
 [CONNECTED] wss://gateway.discord.gg/?encoding=json&v=9&compress=zlib-stream in 1 ms @ https://discord.com/assets/556707.bb1a25f3c212ce8f.js:464
[    2704ms] [WARNING] [scriptCost] retained URL count exceeded maxUrls (1000); evicting lowest-cost entries. @ https://discord.com/assets/556707.bb1a25f3c212ce8f.js:464
[    2723ms] [INFO] %c[GatewaySocket] 
font-weight: bold;
color: purple;
 [READY] took 430ms, as 97a052f6c13cae25d9eb975da9a739ef @ https://discord.com/assets/556707.bb1a25f3c212ce8f.js:464
[    2731ms] [LOG] %c[Flux] 
font-weight: bold;
color: purple;
 Dispatching CONNECTION_OPEN @ https://discord.com/assets/556707.bb1a25f3c212ce8f.js:464
[    2736ms] [LOG] %c[DatabaseManager] 
font-weight: bold;
color: purple;
 removing database (user: 709071822766735481, database: undefined) @ https://discord.com/assets/556707.bb1a25f3c212ce8f.js:464
[    2750ms] [LOG] %c[MessageActionCreators] 
font-weight: bold;
color: purple;
 Fetching messages for 1550062872690950156 between undefined and undefined. jump={"jumpType":"ANIMATED"} @ https://discord.com/assets/556707.bb1a25f3c212ce8f.js:464
[    2912ms] [INFO] %c[GatewaySocket] 
font-weight: bold;
color: purple;
 [READY_SUPPLEMENTAL] took 620ms @ https://discord.com/assets/556707.bb1a25f3c212ce8f.js:464
[    3072ms] [LOG] %c[MessageActionCreators] 
font-weight: bold;
color: purple;
 Fetched 0 messages for 1550062872690950156 isBefore:false isAfter:false @ https://discord.com/assets/556707.bb1a25f3c212ce8f.js:464
[    3074ms] [INFO] %c[ChannelMessages] 
font-weight: bold;
color: purple;
 loadComplete: resetting state for channelId=1550062872690950156, sending.length=0 @ https://discord.com/assets/556707.bb1a25f3c212ce8f.js:464
[    5018ms] [INFO] %c[OverlayKeybindExperimentManager] 
font-weight: bold;
color: purple;
 Experiments initializing... @ https://discord.com/assets/556707.bb1a25f3c212ce8f.js:464
[    5024ms] [INFO] %c[OverlayKeybindExperimentManager] 
font-weight: bold;
color: purple;
 Experiments initialized @ https://discord.com/assets/556707.bb1a25f3c212ce8f.js:464
[    5055ms] [INFO] %c[LibDaveManager] 
font-weight: bold;
color: purple;
 DAVE loaded @ https://discord.com/assets/556707.bb1a25f3c212ce8f.js:464
[    5055ms] [INFO] %c[LibDaveManager] 
font-weight: bold;
color: purple;
 Successfully initialized DAVE @ https://discord.com/assets/556707.bb1a25f3c212ce8f.js:464
[    5055ms] [INFO] %c[MediaEngineWebRTC] 
font-weight: bold;
color: purple;
 Successfully initialized DAVE, version: 1 @ https://discord.com/assets/556707.bb1a25f3c212ce8f.js:464
[    5275ms] [INFO] %c[SignalHelpers.web] 
font-weight: bold;
color: purple;
 signalAllAcceptedCredentials {rpId: discord.com, encodedUserId: MPMD-4wmT1MJ1yEQ5EAAeQ, allAcceptedCredentialIds: Array(0)} @ https://discord.com/assets/556707.bb1a25f3c212ce8f.js:464
[   15031ms] [INFO] %c[libdiscore] 
font-weight: bold;
color: purple;
 [BlockedDomainsStore] Successfully fetched blocked domains @ https://discord.com/assets/556707.bb1a25f3c212ce8f.js:464
[   69870ms] [WARNING] %c[CloudUpload.tsx] 
font-weight: bold;
color: purple;
 webp conversion skipped for upload7: too big @ https://discord.com/assets/556707.bb1a25f3c212ce8f.js:464
[   69881ms] [LOG] %c[CloudUpload.tsx] 
font-weight: bold;
color: purple;
 Requesting upload url for upload7 @ https://discord.com/assets/556707.bb1a25f3c212ce8f.js:464
[   69903ms] [LOG] %c[CloudUpload.tsx] 
font-weight: bold;
color: purple;
 webp conversion skipped for upload2: unsupported_format @ https://discord.com/assets/556707.bb1a25f3c212ce8f.js:464
[   69903ms] [LOG] %c[CloudUpload.tsx] 
font-weight: bold;
color: purple;
 webp conversion skipped for upload3: unsupported_format @ https://discord.com/assets/556707.bb1a25f3c212ce8f.js:464
[   69903ms] [LOG] %c[CloudUpload.tsx] 
font-weight: bold;
color: purple;
 webp conversion skipped for upload4: unsupported_format @ https://discord.com/assets/556707.bb1a25f3c212ce8f.js:464
[   69903ms] [LOG] %c[CloudUpload.tsx] 
font-weight: bold;
color: purple;
 webp conversion skipped for upload5: unsupported_format @ https://discord.com/assets/556707.bb1a25f3c212ce8f.js:464
[   69903ms] [LOG] %c[CloudUpload.tsx] 
font-weight: bold;
color: purple;
 webp conversion skipped for upload6: unsupported_format @ https://discord.com/assets/556707.bb1a25f3c212ce8f.js:464
[   69903ms] [LOG] %c[CloudUpload.tsx] 
font-weight: bold;
color: purple;
 Requesting upload url for upload2 @ https://discord.com/assets/556707.bb1a25f3c212ce8f.js:464
[   69904ms] [LOG] %c[CloudUpload.tsx] 
font-weight: bold;
color: purple;
 Requesting upload url for upload3 @ https://discord.com/assets/556707.bb1a25f3c212ce8f.js:464
[   69904ms] [LOG] %c[CloudUpload.tsx] 
font-weight: bold;
color: purple;
 Requesting upload url for upload4 @ https://discord.com/assets/556707.bb1a25f3c212ce8f.js:464
[   69905ms] [LOG] %c[CloudUpload.tsx] 
font-weight: bold;
color: purple;
 Requesting upload url for upload5 @ https://discord.com/assets/556707.bb1a25f3c212ce8f.js:464
[   69905ms] [LOG] %c[CloudUpload.tsx] 
font-weight: bold;
color: purple;
 Requesting upload url for upload6 @ https://discord.com/assets/556707.bb1a25f3c212ce8f.js:464
[   70184ms] [LOG] %c[CloudUpload.tsx] 
font-weight: bold;
color: purple;
 Uploading upload7 filename=강사_제작예시.html @ https://discord.com/assets/556707.bb1a25f3c212ce8f.js:464
[   70184ms] [LOG] %c[CloudUpload.tsx] 
font-weight: bold;
color: purple;
 Attempting to upload attachment with resumeFrom: 0 and attempts: 1 @ https://discord.com/assets/556707.bb1a25f3c212ce8f.js:464
[   70186ms] [LOG] %c[CloudUpload.tsx] 
font-weight: bold;
color: purple;
 Uploading upload3 filename=메인페이지_와이어프레임_시안2.html @ https://discord.com/assets/556707.bb1a25f3c212ce8f.js:464
[   70186ms] [LOG] %c[CloudUpload.tsx] 
font-weight: bold;
color: purple;
 Attempting to upload attachment with resumeFrom: 0 and attempts: 1 @ https://discord.com/assets/556707.bb1a25f3c212ce8f.js:464
[   70195ms] [LOG] %c[CloudUpload.tsx] 
font-weight: bold;
color: purple;
 Uploading upload4 filename=메인페이지_와이어프레임_시안3.html @ https://discord.com/assets/556707.bb1a25f3c212ce8f.js:464
[   70195ms] [LOG] %c[CloudUpload.tsx] 
font-weight: bold;
color: purple;
 Attempting to upload attachment with resumeFrom: 0 and attempts: 1 @ https://discord.com/assets/556707.bb1a25f3c212ce8f.js:464
[   70211ms] [LOG] %c[CloudUpload.tsx] 
font-weight: bold;
color: purple;
 Uploading upload6 filename=메인페이지_와이어프레임_시안5.html @ https://discord.com/assets/556707.bb1a25f3c212ce8f.js:464
[   70211ms] [LOG] %c[CloudUpload.tsx] 
font-weight: bold;
color: purple;
 Attempting to upload attachment with resumeFrom: 0 and attempts: 1 @ https://discord.com/assets/556707.bb1a25f3c212ce8f.js:464
[   70215ms] [LOG] %c[CloudUpload.tsx] 
font-weight: bold;
color: purple;
 Uploading upload2 filename=메인페이지_와이어프레임_시안1.html @ https://discord.com/assets/556707.bb1a25f3c212ce8f.js:464
[   70216ms] [LOG] %c[CloudUpload.tsx] 
font-weight: bold;
color: purple;
 Attempting to upload attachment with resumeFrom: 0 and attempts: 1 @ https://discord.com/assets/556707.bb1a25f3c212ce8f.js:464
[   70220ms] [LOG] %c[CloudUpload.tsx] 
font-weight: bold;
color: purple;
 Uploading upload5 filename=메인페이지_와이어프레임_시안4.html @ https://discord.com/assets/556707.bb1a25f3c212ce8f.js:464
[   70221ms] [LOG] %c[CloudUpload.tsx] 
font-weight: bold;
color: purple;
 Attempting to upload attachment with resumeFrom: 0 and attempts: 1 @ https://discord.com/assets/556707.bb1a25f3c212ce8f.js:464
[   71016ms] [LOG] %c[CloudUpload.tsx] 
font-weight: bold;
color: purple;
 Upload complete for upload2 @ https://discord.com/assets/556707.bb1a25f3c212ce8f.js:464
[   71053ms] [LOG] %c[CloudUpload.tsx] 
font-weight: bold;
color: purple;
 Upload complete for upload5 @ https://discord.com/assets/556707.bb1a25f3c212ce8f.js:464
[   71069ms] [LOG] %c[CloudUpload.tsx] 
font-weight: bold;
color: purple;
 Upload complete for upload3 @ https://discord.com/assets/556707.bb1a25f3c212ce8f.js:464
[   71203ms] [LOG] %c[CloudUpload.tsx] 
font-weight: bold;
color: purple;
 Upload complete for upload4 @ https://discord.com/assets/556707.bb1a25f3c212ce8f.js:464
[   71360ms] [LOG] %c[CloudUpload.tsx] 
font-weight: bold;
color: purple;
 Upload complete for upload6 @ https://discord.com/assets/556707.bb1a25f3c212ce8f.js:464
[   71992ms] [LOG] %c[CloudUpload.tsx] 
font-weight: bold;
color: purple;
 Upload complete for upload7 @ https://discord.com/assets/556707.bb1a25f3c212ce8f.js:464
[   82136ms] [LOG] %c[UploaderBase.tsx] 
font-weight: bold;
color: purple;
 setUploadingTextForUI - total content: 1437355 bytes and 6 attachments for Uploader14 @ https://discord.com/assets/556707.bb1a25f3c212ce8f.js:464
[   82139ms] [LOG] %c[UploaderBase.tsx] 
font-weight: bold;
color: purple;
 _handleComplete for Uploader14 @ https://discord.com/assets/556707.bb1a25f3c212ce8f.js:464
[   82140ms] [INFO] %c[MessageQueue] 
font-weight: bold;
color: purple;
 Queueing message to be sent LogId:1456 @ https://discord.com/assets/556707.bb1a25f3c212ce8f.js:464
[   82140ms] [LOG] %c[MessageQueue] 
font-weight: bold;
color: purple;
 Draining message from queue LogId:1456 QueueLength: 0 @ https://discord.com/assets/556707.bb1a25f3c212ce8f.js:464
[   82141ms] [LOG] %c[MessageQueue] 
font-weight: bold;
color: purple;
 Draining Message Queue with:  0 @ https://discord.com/assets/556707.bb1a25f3c212ce8f.js:464
[   84746ms] [LOG] %c[MessageQueue] 
font-weight: bold;
color: purple;
 Finished draining message from queue LogId:1456 QueueLength: 0 @ https://discord.com/assets/556707.bb1a25f3c212ce8f.js:464
