[     571ms] [WARNING]   WARN  [Statsig] Attempting to retrieve a StatsigClient but none was set. @ https://www.figma.com/_netlify/_next/static/chunks/3914-90439c8dbee63457.js:4
[    7450ms] [WARNING] The resource https://www.figma.com/api/user was preloaded using link preload but not used within a few seconds from the window's load event. Please make sure it has an appropriate `as` value and it is preloaded intentionally. @ https://www.figma.com/ko-kr/:0
[    7450ms] [WARNING] The resource https://www.figma.com/_netlify/_next/static/media/rive.ac4ff0e0.wasm was preloaded using link preload but not used within a few seconds from the window's load event. Please make sure it has an appropriate `as` value and it is preloaded intentionally. @ https://www.figma.com/ko-kr/:0
[    8696ms] [LOG] Running frontend commit 676bd5bf1127d544bd63db31dea851407483657c @ https://www.figma.com/login_iframe?locale=ko-kr&type=insert&autofocus=false&form_state=sign_in:497
[   12240ms] [WARNING] The resource https://www.figma.com/i18n-artifacts/locales/94f19ee5641fdc4f18742d4c25736b0fe3cda21e was preloaded using link preload but not used within a few seconds from the window's load event. Please make sure it has an appropriate `as` value and it is preloaded intentionally. @ https://www.figma.com/login_iframe?locale=ko-kr&type=insert&autofocus=false&form_state=sign_in:0
[   16838ms] [WARNING] The resource https://www.figma.com/api/user was preloaded using link preload but not used within a few seconds from the window's load event. Please make sure it has an appropriate `as` value and it is preloaded intentionally. @ https://www.figma.com/ko-kr/:0
[   16838ms] [WARNING] The resource https://www.figma.com/_netlify/_next/static/media/rive.ac4ff0e0.wasm was preloaded using link preload but not used within a few seconds from the window's load event. Please make sure it has an appropriate `as` value and it is preloaded intentionally. @ https://www.figma.com/ko-kr/:0
[   20958ms] [ERROR] Cross-Origin-Opener-Policy policy would block the window.closed call. @ https://www.figma.com/webpack-artifacts/assets/351-67ab233b12e32e6c.min.js.br:2
[   20958ms] [ERROR] Cross-Origin-Opener-Policy policy would block the window.closed call. @ https://www.figma.com/webpack-artifacts/assets/351-67ab233b12e32e6c.min.js.br:2
[   21854ms] [WARNING] The resource https://www.figma.com/i18n-artifacts/locales/94f19ee5641fdc4f18742d4c25736b0fe3cda21e was preloaded using link preload but not used within a few seconds from the window's load event. Please make sure it has an appropriate `as` value and it is preloaded intentionally. @ https://www.figma.com/login_iframe?locale=ko-kr&type=insert&autofocus=false&form_state=sign_in:0
[   24684ms] [WARNING] The resource https://www.figma.com/api/user was preloaded using link preload but not used within a few seconds from the window's load event. Please make sure it has an appropriate `as` value and it is preloaded intentionally. @ https://www.figma.com/ko-kr/:0
[   24684ms] [WARNING] The resource https://www.figma.com/_netlify/_next/static/media/rive.ac4ff0e0.wasm was preloaded using link preload but not used within a few seconds from the window's load event. Please make sure it has an appropriate `as` value and it is preloaded intentionally. @ https://www.figma.com/ko-kr/:0
[   34419ms] [WARNING] The resource https://www.figma.com/i18n-artifacts/locales/94f19ee5641fdc4f18742d4c25736b0fe3cda21e was preloaded using link preload but not used within a few seconds from the window's load event. Please make sure it has an appropriate `as` value and it is preloaded intentionally. @ https://www.figma.com/login_iframe?locale=ko-kr&type=insert&autofocus=false&form_state=sign_in:0
[   34419ms] [WARNING] The resource https://www.figma.com/api/user was preloaded using link preload but not used within a few seconds from the window's load event. Please make sure it has an appropriate `as` value and it is preloaded intentionally. @ https://www.figma.com/ko-kr/:0
[   34419ms] [WARNING] The resource https://www.figma.com/_netlify/_next/static/media/rive.ac4ff0e0.wasm was preloaded using link preload but not used within a few seconds from the window's load event. Please make sure it has an appropriate `as` value and it is preloaded intentionally. @ https://www.figma.com/ko-kr/:0
[   39228ms] [LOG] Running frontend commit 676bd5bf1127d544bd63db31dea851407483657c @ https://www.figma.com/files/team/1639195563683790465/recents-and-sharing?fuid=1621419348650422446:611
[   41609ms] [WARNING] Statsig is not ready to log exposures, will retry in 1 seconds @ https://www.figma.com/webpack-artifacts/assets/vendor-core-06f91ddf4d5160d5.min.js.br:53
[   41611ms] [ERROR] Failed to load resource: the server responded with a status of 403 (Forbidden) @ https://browser-intake-datadoghq.com/api/v2/rum:0
[   42103ms] [LOG] [import] git: 11d220ca9731b52ffd408f3361d39a7575f01a76, stamp: E08D9DD031BE7696 @ https://www.figma.com/webpack-artifacts/assets/vendor-core-06f91ddf4d5160d5.min.js.br:53
[   42105ms] [LOG] Loaded 171 scripts (10221623b), 59 from cache (1669203b) @ https://www.figma.com/webpack-artifacts/assets/vendor-core-06f91ddf4d5160d5.min.js.br:53
[   44447ms] [WARNING] Canvas2D: Multiple readback operations using getImageData are faster with the willReadFrequently attribute set to true. See: https://html.spec.whatwg.org/multipage/canvas.html#concept-canvas-will-read-frequently @ https://www.figma.com/webpack-artifacts/assets/783-73ad8a715ffc77db.min.js.br:1271
[   44818ms] [WARNING] Canvas2D: Multiple readback operations using getImageData are faster with the willReadFrequently attribute set to true. See: https://html.spec.whatwg.org/multipage/canvas.html#concept-canvas-will-read-frequently @ https://www.figma.com/webpack-artifacts/assets/783-73ad8a715ffc77db.min.js.br:1271
[   44829ms] [WARNING] Canvas2D: Multiple readback operations using getImageData are faster with the willReadFrequently attribute set to true. See: https://html.spec.whatwg.org/multipage/canvas.html#concept-canvas-will-read-frequently @ https://www.figma.com/webpack-artifacts/assets/783-73ad8a715ffc77db.min.js.br:1271
[   47063ms] [LOG] Running frontend commit 676bd5bf1127d544bd63db31dea851407483657c @ https://www.figma.com/files/team/1639195563683790465/all-folders?fuid=1621419348650422446:610
[   50264ms] [WARNING] Statsig is not ready to log exposures, will retry in 1 seconds @ https://www.figma.com/webpack-artifacts/assets/vendor-core-06f91ddf4d5160d5.min.js.br:53
[   50267ms] [ERROR] Failed to load resource: the server responded with a status of 403 (Forbidden) @ https://browser-intake-datadoghq.com/api/v2/rum:0
[   50375ms] [LOG] Loaded 113 scripts (8556464b), 113 from cache (8556464b) @ https://www.figma.com/webpack-artifacts/assets/vendor-core-06f91ddf4d5160d5.min.js.br:53
[   50605ms] [LOG] [import] git: 11d220ca9731b52ffd408f3361d39a7575f01a76, stamp: E08D9DD031BE7696 @ https://www.figma.com/webpack-artifacts/assets/vendor-core-06f91ddf4d5160d5.min.js.br:53
[   56693ms] [INFO] Autosave Changes not available or already claimed by another tab undefined @ https://www.figma.com/webpack-artifacts/assets/vendor-core-06f91ddf4d5160d5.min.js.br:53
[   56775ms] [WARNING] The powerPreference option is currently ignored when calling requestAdapter() on Windows. See https://crbug.com/369219127 @ https://www.figma.com/webpack-artifacts/assets/643-426c2b7b273ea60d.min.js.br:26
[   57001ms] [INFO] [Fullscreen] Booting... (emscripten version 4.0.21) @ https://www.figma.com/webpack-artifacts/assets/vendor-core-06f91ddf4d5160d5.min.js.br:53
[   57127ms] [INFO] [GPU] graphicsAPI:"WebGPU", vendor:"Google Inc. (NVIDIA)" renderer:"ANGLE (NVIDIA, NVIDIA GeForce RTX 5060 (0x00002D05) Direct3D11 vs_5_0 ps_5_0, D3D11)" deviceArchitecture:"blackwell" deviceDescription:"" webGPUDevice:"" webGPUVendor:"nvidia" bindings:"emdawnwebgpu" @ https://www.figma.com/webpack-artifacts/assets/vendor-core-06f91ddf4d5160d5.min.js.br:53
[   57131ms] [LOG] [Fullscreen] Ready in 359.2ms @ https://www.figma.com/webpack-artifacts/assets/vendor-core-06f91ddf4d5160d5.min.js.br:53
[   57135ms] [WARNING] The powerPreference option is currently ignored when calling requestAdapter() on Windows. See https://crbug.com/369219127 @ https://www.figma.com/webpack-artifacts/assets/643-426c2b7b273ea60d.min.js.br:26
[   57375ms] [INFO] [FullscreenApp] calling setEditorTheme and setting preference light @ https://www.figma.com/webpack-artifacts/assets/vendor-core-06f91ddf4d5160d5.min.js.br:53
[   57429ms] [INFO] [MultiplayerSession] connecting to wss://www.figma.com/api/multiplayer/ZrvCP7FKjGUJMUI2Tcn6ar?role=editor&tracking_session_id=AjdHGxdrHblpzThU&version=222&recentReload=0&file-load-streaming-compression=&user-id=1621419348650422446&client_release=676bd5bf1127d544bd63db31dea851407483657c&force-dpl-journaled-reconnect=1 @ https://www.figma.com/webpack-artifacts/assets/vendor-core-06f91ddf4d5160d5.min.js.br:53
[   57431ms] [INFO] [FullscreenApp] calling setEditorTheme and setting preference light @ https://www.figma.com/webpack-artifacts/assets/vendor-core-06f91ddf4d5160d5.min.js.br:53
[   58399ms] [INFO] [MultiplayerSession] Joining file version 106 (initial load) @ https://www.figma.com/webpack-artifacts/assets/vendor-core-06f91ddf4d5160d5.min.js.br:53
[   59759ms] [LOG] Migration succeeded: context: fullscreen_migrate_SceneGraphManager, version: 106, duration: 0ms. @ https://www.figma.com/webpack-artifacts/assets/vendor-core-06f91ddf4d5160d5.min.js.br:53
[   60157ms] [WARNING] Canvas2D: Multiple readback operations using getImageData are faster with the willReadFrequently attribute set to true. See: https://html.spec.whatwg.org/multipage/canvas.html#concept-canvas-will-read-frequently @ https://static.figma.com/fullscreen/4d17709a70715c696803f375fc91a2931d91181a/fullscreen-harfbuzz-12-3-0/compiled_wasm.js.br:1
[   60175ms] [WARNING] Canvas2D: Multiple readback operations using getImageData are faster with the willReadFrequently attribute set to true. See: https://html.spec.whatwg.org/multipage/canvas.html#concept-canvas-will-read-frequently @ https://static.figma.com/fullscreen/4d17709a70715c696803f375fc91a2931d91181a/fullscreen-harfbuzz-12-3-0/compiled_wasm.js.br:1
[   60237ms] [INFO] afterJoinEnd PageSyncing: Loaded incrementally {loaded_pages: 1216:2} @ https://www.figma.com/webpack-artifacts/assets/vendor-core-06f91ddf4d5160d5.min.js.br:53
[   60773ms] [WARNING] Blocked aria-hidden on an element because its descendant retained focus. The focus must not be hidden from assistive technology users. Avoid using aria-hidden on a focused element or its ancestor. Consider using the inert attribute instead, which will also prevent focus. For more details, see the aria-hidden section of the WAI-ARIA specification at https://w3c.github.io/aria/#aria-hidden.
Element with focus: <input.focus-target>
Ancestor with aria-hidden: <input.focus-target> @ https://www.figma.com/design/ZrvCP7FKjGUJMUI2Tcn6ar/-%EA%B0%95%EC%9D%98%EC%9E%A5-UIUX-A?node-id=1216-2&p=f&t=2D9Y6OqxRMcV7Y3w-0:0
[   60774ms] [ERROR] Access to image at 'https://www.gravatar.com/avatar/3c76ac6dcb0ce7b683a7be0e900117ee?size=240&default=https%3A%2F%2Fs3-alpha.figma.com%2Fstatic%2Fuser_s_v2.png?c=1' from origin 'https://www.figma.com' has been blocked by CORS policy: No 'Access-Control-Allow-Origin' header is present on the requested resource. @ https://www.figma.com/design/ZrvCP7FKjGUJMUI2Tcn6ar/-%EA%B0%95%EC%9D%98%EC%9E%A5-UIUX-A?node-id=1216-2&p=f&t=2D9Y6OqxRMcV7Y3w-0:0
[   60775ms] [ERROR] Failed to load resource: net::ERR_FAILED @ https://www.gravatar.com/avatar/3c76ac6dcb0ce7b683a7be0e900117ee?size=240&default=https%3A%2F%2Fs3-alpha.figma.com%2Fstatic%2Fuser_s_v2.png?c=1:0
[   62080ms] [LOG] [Fullscreen] loadtime=3.90s maxmem=38136032 @ https://www.figma.com/webpack-artifacts/assets/vendor-core-06f91ddf4d5160d5.min.js.br:53
[   89478ms] [WARNING] Blocked aria-hidden on an element because its descendant retained focus. The focus must not be hidden from assistive technology users. Avoid using aria-hidden on a focused element or its ancestor. Consider using the inert attribute instead, which will also prevent focus. For more details, see the aria-hidden section of the WAI-ARIA specification at https://w3c.github.io/aria/#aria-hidden.
Element with focus: <input.focus-target>
Ancestor with aria-hidden: <div.fullscreen_view--fullscreenViewportWrapper--TV7Gb> @ https://www.figma.com/design/ZrvCP7FKjGUJMUI2Tcn6ar/-%EA%B0%95%EC%9D%98%EC%9E%A5-UIUX-A?node-id=1347-2&p=f&t=2D9Y6OqxRMcV7Y3w-0:0
[  114524ms] [WARNING] Canvas2D: Multiple readback operations using getImageData are faster with the willReadFrequently attribute set to true. See: https://html.spec.whatwg.org/multipage/canvas.html#concept-canvas-will-read-frequently @ https://www.figma.com/webpack-artifacts/assets/figma_app-09e232be532a0434.min.js.br:45
