[    1616ms] [LOG] Running frontend commit 676bd5bf1127d544bd63db31dea851407483657c @ https://www.figma.com/design/ZrvCP7FKjGUJMUI2Tcn6ar/-%EA%B0%95%EC%9D%98%EC%9E%A5-UIUX-A?node-id=1347-2&t=2D9Y6OqxRMcV7Y3w-1:666
[    2905ms] [WARNING] Statsig is not ready to log exposures, will retry in 1 seconds @ https://www.figma.com/webpack-artifacts/assets/vendor-core-06f91ddf4d5160d5.min.js.br:53
[    2907ms] [ERROR] Failed to load resource: the server responded with a status of 403 (Forbidden) @ https://browser-intake-datadoghq.com/api/v2/rum:0
[    3904ms] [LOG] Running frontend commit 676bd5bf1127d544bd63db31dea851407483657c @ https://www.figma.com/files/team/1639195563683790465/folder/604082686?fuid=1621419348650422446:610
[    5235ms] [WARNING] Statsig is not ready to log exposures, will retry in 1 seconds @ https://www.figma.com/webpack-artifacts/assets/vendor-core-06f91ddf4d5160d5.min.js.br:53
[    5237ms] [ERROR] Failed to load resource: the server responded with a status of 403 (Forbidden) @ https://browser-intake-datadoghq.com/api/v2/rum:0
[    5365ms] [LOG] Loaded 113 scripts (8556464b), 113 from cache (8556464b) @ https://www.figma.com/webpack-artifacts/assets/vendor-core-06f91ddf4d5160d5.min.js.br:53
[    5789ms] [LOG] [import] git: 11d220ca9731b52ffd408f3361d39a7575f01a76, stamp: E08D9DD031BE7696 @ https://www.figma.com/webpack-artifacts/assets/vendor-core-06f91ddf4d5160d5.min.js.br:53
[   87875ms] [INFO] Autosave Changes not available or already claimed by another tab undefined @ https://www.figma.com/webpack-artifacts/assets/vendor-core-06f91ddf4d5160d5.min.js.br:53
[   88623ms] [WARNING] The powerPreference option is currently ignored when calling requestAdapter() on Windows. See https://crbug.com/369219127 @ https://www.figma.com/webpack-artifacts/assets/643-426c2b7b273ea60d.min.js.br:26
[   88817ms] [INFO] [Fullscreen] Booting... (emscripten version 4.0.21) @ https://www.figma.com/webpack-artifacts/assets/vendor-core-06f91ddf4d5160d5.min.js.br:53
[   88914ms] [INFO] [GPU] graphicsAPI:"WebGPU", vendor:"Google Inc. (NVIDIA)" renderer:"ANGLE (NVIDIA, NVIDIA GeForce RTX 5060 (0x00002D05) Direct3D11 vs_5_0 ps_5_0, D3D11)" deviceArchitecture:"blackwell" deviceDescription:"" webGPUDevice:"" webGPUVendor:"nvidia" bindings:"emdawnwebgpu" @ https://www.figma.com/webpack-artifacts/assets/vendor-core-06f91ddf4d5160d5.min.js.br:53
[   88918ms] [LOG] [Fullscreen] Ready in 298.0ms @ https://www.figma.com/webpack-artifacts/assets/vendor-core-06f91ddf4d5160d5.min.js.br:53
[   88922ms] [WARNING] The powerPreference option is currently ignored when calling requestAdapter() on Windows. See https://crbug.com/369219127 @ https://www.figma.com/webpack-artifacts/assets/643-426c2b7b273ea60d.min.js.br:26
[   89091ms] [INFO] [FullscreenApp] calling setEditorTheme and setting preference light @ https://www.figma.com/webpack-artifacts/assets/vendor-core-06f91ddf4d5160d5.min.js.br:53
[   89125ms] [INFO] [MultiplayerSession] connecting to wss://www.figma.com/api/multiplayer/ZrvCP7FKjGUJMUI2Tcn6ar?role=editor&tracking_session_id=NmWqnL4kKS2Jkmqv&version=222&recentReload=0&file-load-streaming-compression=&user-id=1621419348650422446&client_release=676bd5bf1127d544bd63db31dea851407483657c&force-dpl-journaled-reconnect=1 @ https://www.figma.com/webpack-artifacts/assets/vendor-core-06f91ddf4d5160d5.min.js.br:53
[   89135ms] [INFO] [FullscreenApp] calling setEditorTheme and setting preference light @ https://www.figma.com/webpack-artifacts/assets/vendor-core-06f91ddf4d5160d5.min.js.br:53
[   90105ms] [INFO] [MultiplayerSession] Joining file version 106 (initial load) @ https://www.figma.com/webpack-artifacts/assets/vendor-core-06f91ddf4d5160d5.min.js.br:53
[   90853ms] [LOG] Migration succeeded: context: fullscreen_migrate_SceneGraphManager, version: 106, duration: 0ms. @ https://www.figma.com/webpack-artifacts/assets/vendor-core-06f91ddf4d5160d5.min.js.br:53
[   91144ms] [WARNING] Canvas2D: Multiple readback operations using getImageData are faster with the willReadFrequently attribute set to true. See: https://html.spec.whatwg.org/multipage/canvas.html#concept-canvas-will-read-frequently @ https://static.figma.com/fullscreen/4d17709a70715c696803f375fc91a2931d91181a/fullscreen-harfbuzz-12-3-0/compiled_wasm.js.br:1
[   91150ms] [WARNING] Canvas2D: Multiple readback operations using getImageData are faster with the willReadFrequently attribute set to true. See: https://html.spec.whatwg.org/multipage/canvas.html#concept-canvas-will-read-frequently @ https://static.figma.com/fullscreen/4d17709a70715c696803f375fc91a2931d91181a/fullscreen-harfbuzz-12-3-0/compiled_wasm.js.br:1
[   91191ms] [INFO] afterJoinEnd PageSyncing: Loaded incrementally {loaded_pages: 1216:2} @ https://www.figma.com/webpack-artifacts/assets/vendor-core-06f91ddf4d5160d5.min.js.br:53
[   91426ms] [WARNING] Blocked aria-hidden on an element because its descendant retained focus. The focus must not be hidden from assistive technology users. Avoid using aria-hidden on a focused element or its ancestor. Consider using the inert attribute instead, which will also prevent focus. For more details, see the aria-hidden section of the WAI-ARIA specification at https://w3c.github.io/aria/#aria-hidden.
Element with focus: <input.focus-target>
Ancestor with aria-hidden: <input.focus-target> @ https://www.figma.com/design/ZrvCP7FKjGUJMUI2Tcn6ar/-%EA%B0%95%EC%9D%98%EC%9E%A5-UIUX-A?node-id=1216-2&p=f&t=hGB9oVtrs0LEiIi5-0:0
[   91559ms] [ERROR] Access to image at 'https://www.gravatar.com/avatar/3c76ac6dcb0ce7b683a7be0e900117ee?size=240&default=https%3A%2F%2Fs3-alpha.figma.com%2Fstatic%2Fuser_s_v2.png?c=1' from origin 'https://www.figma.com' has been blocked by CORS policy: No 'Access-Control-Allow-Origin' header is present on the requested resource. @ https://www.figma.com/design/ZrvCP7FKjGUJMUI2Tcn6ar/-%EA%B0%95%EC%9D%98%EC%9E%A5-UIUX-A?node-id=1216-2&p=f&t=hGB9oVtrs0LEiIi5-0:0
[   91559ms] [ERROR] Failed to load resource: net::ERR_FAILED @ https://www.gravatar.com/avatar/3c76ac6dcb0ce7b683a7be0e900117ee?size=240&default=https%3A%2F%2Fs3-alpha.figma.com%2Fstatic%2Fuser_s_v2.png?c=1:0
[   92629ms] [LOG] [Fullscreen] loadtime=3.36s maxmem=38136304 @ https://www.figma.com/webpack-artifacts/assets/vendor-core-06f91ddf4d5160d5.min.js.br:53
[   93742ms] [WARNING] Blocked aria-hidden on an element because its descendant retained focus. The focus must not be hidden from assistive technology users. Avoid using aria-hidden on a focused element or its ancestor. Consider using the inert attribute instead, which will also prevent focus. For more details, see the aria-hidden section of the WAI-ARIA specification at https://w3c.github.io/aria/#aria-hidden.
Element with focus: <input.focus-target>
Ancestor with aria-hidden: <div.fullscreen_view--fullscreenViewportWrapper--TV7Gb> @ https://www.figma.com/design/ZrvCP7FKjGUJMUI2Tcn6ar/-%EA%B0%95%EC%9D%98%EC%9E%A5-UIUX-A?node-id=1216-2&p=f&t=hGB9oVtrs0LEiIi5-0:0
[ 1666639ms] [INFO] [MultiplayerSession] connecting to wss://www.figma.com/api/multiplayer/ZrvCP7FKjGUJMUI2Tcn6ar?role=editor&tracking_session_id=NmWqnL4kKS2Jkmqv&version=222&recentReload=0&file-load-streaming-compression=&scenegraph-queries-initial-nodes=1216%3A2&user-id=1621419348650422446&client_release=676bd5bf1127d544bd63db31dea851407483657c&reconnect-key=675a5dc344e0c1a5bea49955ea8e9cdf8df4fd8c&reconnect-sequence-number=59444&initialFileVersion=106&previousLoadMode=incremental&incremental-loading-validation=0&force-dpl-journaled-reconnect=1 @ https://www.figma.com/webpack-artifacts/assets/vendor-core-06f91ddf4d5160d5.min.js.br:53
[ 1667529ms] [INFO] [MultiplayerSession] Joining file version 106 (skip_reload reconnect) @ https://www.figma.com/webpack-artifacts/assets/vendor-core-06f91ddf4d5160d5.min.js.br:53
[ 1667534ms] [INFO] afterJoinEnd PageSyncing: Loaded incrementally {loaded_pages: 1216:2} @ https://www.figma.com/webpack-artifacts/assets/vendor-core-06f91ddf4d5160d5.min.js.br:53
[ 1667927ms] [ERROR] Access to image at 'https://www.gravatar.com/avatar/3c76ac6dcb0ce7b683a7be0e900117ee?size=240&default=https%3A%2F%2Fs3-alpha.figma.com%2Fstatic%2Fuser_s_v2.png?c=1' from origin 'https://www.figma.com' has been blocked by CORS policy: No 'Access-Control-Allow-Origin' header is present on the requested resource. @ https://www.figma.com/design/ZrvCP7FKjGUJMUI2Tcn6ar/-%EA%B0%95%EC%9D%98%EC%9E%A5-UIUX-A?node-id=1216-2&p=f&t=hGB9oVtrs0LEiIi5-0:0
[ 1667927ms] [ERROR] Failed to load resource: net::ERR_FAILED @ https://www.gravatar.com/avatar/3c76ac6dcb0ce7b683a7be0e900117ee?size=240&default=https%3A%2F%2Fs3-alpha.figma.com%2Fstatic%2Fuser_s_v2.png?c=1:0
[ 3616505ms] [LOG] [Livegraph] Connection closed. Code: 4001, reason: connection_lifetime @ https://www.figma.com/webpack-artifacts/assets/vendor-core-06f91ddf4d5160d5.min.js.br:53
