[     202ms] [LOG] [FAST CONNECT] wss://gateway.discord.gg/?encoding=json&v=9&compress=zlib-stream, encoding: json, version: 9 @ https://discord.com/channels/1550041523226411038/1550063752001355877:28
[     297ms] [INFO] %c[libdiscore] 
font-weight: bold;
color: purple;
 [experiment_manager] Loaded experiments from cache @ https://discord.com/assets/556707.bb1a25f3c212ce8f.js:464
[     346ms] [LOG] %c[ProcessUtilsElectron] 
font-weight: bold;
color: purple;
 setMemoryInformation not available. @ https://discord.com/assets/556707.bb1a25f3c212ce8f.js:464
[     469ms] [LOG] %c[default] 
font-weight: bold;
color: purple;
 [BUILD INFO] Release Channel: stable, Build Number: 614181, Version Hash: 9cd5ac96bdeb925f3eabb47661399865ad12bbdf @ https://discord.com/assets/556707.bb1a25f3c212ce8f.js:464
[     473ms] [LOG] AppCrashedFatalReport: getLastCrash not supported. @ https://discord.com/assets/556707.bb1a25f3c212ce8f.js:464
[     527ms] [INFO] %c[libdiscore] 
font-weight: bold;
color: purple;
 The answer for life the universe and everything is: 42 @ https://discord.com/assets/556707.bb1a25f3c212ce8f.js:464
[     540ms] [LOG] [FAST CONNECT] sending identify @ https://discord.com/assets/556707.bb1a25f3c212ce8f.js:464
[    1073ms] [INFO] %c[GatewaySocket] 
font-weight: bold;
color: purple;
 [CONNECT] wss://gateway.discord.gg, encoding: json, version: 9, compression: zlib-stream @ https://discord.com/assets/556707.bb1a25f3c212ce8f.js:464
[    1073ms] [LOG] %c[GatewaySocket] 
font-weight: bold;
color: purple;
 [FAST CONNECT] successfully took over websocket, state: {open: true, identify: true, gateway: wss://gateway.discord.gg/?encoding=json&v=9&compress=zlib-stream, messages: 1} @ https://discord.com/assets/556707.bb1a25f3c212ce8f.js:464
[    1074ms] [INFO] %c[GatewaySocket] 
font-weight: bold;
color: purple;
 [CONNECTED] wss://gateway.discord.gg/?encoding=json&v=9&compress=zlib-stream in 1 ms @ https://discord.com/assets/556707.bb1a25f3c212ce8f.js:464
[    1352ms] [WARNING] [scriptCost] retained URL count exceeded maxUrls (1000); evicting lowest-cost entries. @ https://discord.com/assets/556707.bb1a25f3c212ce8f.js:464
[    1412ms] [INFO] %c[GatewaySocket] 
font-weight: bold;
color: purple;
 [READY] took 339ms, as b2043c5591cfe55f3b8259385605082d @ https://discord.com/assets/556707.bb1a25f3c212ce8f.js:464
[    1437ms] [LOG] %c[Flux] 
font-weight: bold;
color: purple;
 Dispatching CONNECTION_OPEN @ https://discord.com/assets/556707.bb1a25f3c212ce8f.js:464
[    1446ms] [LOG] %c[DatabaseManager] 
font-weight: bold;
color: purple;
 removing database (user: 709071822766735481, database: undefined) @ https://discord.com/assets/556707.bb1a25f3c212ce8f.js:464
[    1459ms] [LOG] %c[MessageActionCreators] 
font-weight: bold;
color: purple;
 Fetching messages for 1550063752001355877 between undefined and undefined. jump={"jumpType":"ANIMATED"} @ https://discord.com/assets/556707.bb1a25f3c212ce8f.js:464
[    1469ms] [INFO] %c[DCF] 
font-weight: bold;
color: purple;
 Daily cap in effect, suppressing fatigable content until tomorrow {shown_dcs: 3} @ https://discord.com/assets/556707.bb1a25f3c212ce8f.js:464
[    1705ms] [INFO] %c[GatewaySocket] 
font-weight: bold;
color: purple;
 [READY_SUPPLEMENTAL] took 632ms @ https://discord.com/assets/556707.bb1a25f3c212ce8f.js:464
[    1806ms] [LOG] %c[MessageActionCreators] 
font-weight: bold;
color: purple;
 Fetched 0 messages for 1550063752001355877 isBefore:false isAfter:false @ https://discord.com/assets/556707.bb1a25f3c212ce8f.js:464
[    1807ms] [INFO] %c[ChannelMessages] 
font-weight: bold;
color: purple;
 loadComplete: resetting state for channelId=1550063752001355877, sending.length=0 @ https://discord.com/assets/556707.bb1a25f3c212ce8f.js:464
[    3835ms] [INFO] %c[OverlayKeybindExperimentManager] 
font-weight: bold;
color: purple;
 Experiments initializing... @ https://discord.com/assets/556707.bb1a25f3c212ce8f.js:464
[    3844ms] [INFO] %c[OverlayKeybindExperimentManager] 
font-weight: bold;
color: purple;
 Experiments initialized @ https://discord.com/assets/556707.bb1a25f3c212ce8f.js:464
[    3879ms] [INFO] %c[LibDaveManager] 
font-weight: bold;
color: purple;
 DAVE loaded @ https://discord.com/assets/556707.bb1a25f3c212ce8f.js:464
[    3879ms] [INFO] %c[LibDaveManager] 
font-weight: bold;
color: purple;
 Successfully initialized DAVE @ https://discord.com/assets/556707.bb1a25f3c212ce8f.js:464
[    3879ms] [INFO] %c[MediaEngineWebRTC] 
font-weight: bold;
color: purple;
 Successfully initialized DAVE, version: 1 @ https://discord.com/assets/556707.bb1a25f3c212ce8f.js:464
[    4141ms] [INFO] %c[SignalHelpers.web] 
font-weight: bold;
color: purple;
 signalAllAcceptedCredentials {rpId: discord.com, encodedUserId: MPMD-4wmT1MJ1yEQ5EAAeQ, allAcceptedCredentialIds: Array(0)} @ https://discord.com/assets/556707.bb1a25f3c212ce8f.js:464
[   13855ms] [INFO] %c[libdiscore] 
font-weight: bold;
color: purple;
 [BlockedDomainsStore] Successfully fetched blocked domains @ https://discord.com/assets/556707.bb1a25f3c212ce8f.js:464
[   61378ms] [LOG] %c[CloudUpload.tsx] 
font-weight: bold;
color: purple;
 webp conversion skipped for upload2: unsupported_format @ https://discord.com/assets/556707.bb1a25f3c212ce8f.js:464
[   61379ms] [LOG] %c[CloudUpload.tsx] 
font-weight: bold;
color: purple;
 webp conversion skipped for upload3: unsupported_format @ https://discord.com/assets/556707.bb1a25f3c212ce8f.js:464
[   61379ms] [LOG] %c[CloudUpload.tsx] 
font-weight: bold;
color: purple;
 webp conversion skipped for upload4: unsupported_format @ https://discord.com/assets/556707.bb1a25f3c212ce8f.js:464
[   61379ms] [LOG] %c[CloudUpload.tsx] 
font-weight: bold;
color: purple;
 webp conversion skipped for upload5: unsupported_format @ https://discord.com/assets/556707.bb1a25f3c212ce8f.js:464
[   61379ms] [LOG] %c[CloudUpload.tsx] 
font-weight: bold;
color: purple;
 webp conversion skipped for upload6: unsupported_format @ https://discord.com/assets/556707.bb1a25f3c212ce8f.js:464
[   61379ms] [LOG] %c[CloudUpload.tsx] 
font-weight: bold;
color: purple;
 webp conversion skipped for upload7: unsupported_format @ https://discord.com/assets/556707.bb1a25f3c212ce8f.js:464
[   61379ms] [LOG] %c[CloudUpload.tsx] 
font-weight: bold;
color: purple;
 webp conversion skipped for upload8: unsupported_format @ https://discord.com/assets/556707.bb1a25f3c212ce8f.js:464
[   61379ms] [LOG] %c[CloudUpload.tsx] 
font-weight: bold;
color: purple;
 Requesting upload url for upload2 @ https://discord.com/assets/556707.bb1a25f3c212ce8f.js:464
[   61380ms] [LOG] %c[CloudUpload.tsx] 
font-weight: bold;
color: purple;
 Requesting upload url for upload3 @ https://discord.com/assets/556707.bb1a25f3c212ce8f.js:464
[   61380ms] [LOG] %c[CloudUpload.tsx] 
font-weight: bold;
color: purple;
 Requesting upload url for upload4 @ https://discord.com/assets/556707.bb1a25f3c212ce8f.js:464
[   61381ms] [LOG] %c[CloudUpload.tsx] 
font-weight: bold;
color: purple;
 Requesting upload url for upload5 @ https://discord.com/assets/556707.bb1a25f3c212ce8f.js:464
[   61382ms] [LOG] %c[CloudUpload.tsx] 
font-weight: bold;
color: purple;
 Requesting upload url for upload6 @ https://discord.com/assets/556707.bb1a25f3c212ce8f.js:464
[   61383ms] [LOG] %c[CloudUpload.tsx] 
font-weight: bold;
color: purple;
 Requesting upload url for upload7 @ https://discord.com/assets/556707.bb1a25f3c212ce8f.js:464
[   61384ms] [LOG] %c[CloudUpload.tsx] 
font-weight: bold;
color: purple;
 Requesting upload url for upload8 @ https://discord.com/assets/556707.bb1a25f3c212ce8f.js:464
[   61670ms] [LOG] %c[CloudUpload.tsx] 
font-weight: bold;
color: purple;
 Uploading upload7 filename=와이어프레임_시안6_최종.html @ https://discord.com/assets/556707.bb1a25f3c212ce8f.js:464
[   61671ms] [LOG] %c[CloudUpload.tsx] 
font-weight: bold;
color: purple;
 Attempting to upload attachment with resumeFrom: 0 and attempts: 1 @ https://discord.com/assets/556707.bb1a25f3c212ce8f.js:464
[   61674ms] [LOG] %c[CloudUpload.tsx] 
font-weight: bold;
color: purple;
 Uploading upload2 filename=와이어프레임_시안1.html @ https://discord.com/assets/556707.bb1a25f3c212ce8f.js:464
[   61674ms] [LOG] %c[CloudUpload.tsx] 
font-weight: bold;
color: purple;
 Attempting to upload attachment with resumeFrom: 0 and attempts: 1 @ https://discord.com/assets/556707.bb1a25f3c212ce8f.js:464
[   61681ms] [LOG] %c[CloudUpload.tsx] 
font-weight: bold;
color: purple;
 Uploading upload6 filename=와이어프레임_시안5.html @ https://discord.com/assets/556707.bb1a25f3c212ce8f.js:464
[   61681ms] [LOG] %c[CloudUpload.tsx] 
font-weight: bold;
color: purple;
 Attempting to upload attachment with resumeFrom: 0 and attempts: 1 @ https://discord.com/assets/556707.bb1a25f3c212ce8f.js:464
[   61690ms] [LOG] %c[CloudUpload.tsx] 
font-weight: bold;
color: purple;
 Uploading upload5 filename=와이어프레임_시안4.html @ https://discord.com/assets/556707.bb1a25f3c212ce8f.js:464
[   61690ms] [LOG] %c[CloudUpload.tsx] 
font-weight: bold;
color: purple;
 Attempting to upload attachment with resumeFrom: 0 and attempts: 1 @ https://discord.com/assets/556707.bb1a25f3c212ce8f.js:464
[   61694ms] [LOG] %c[CloudUpload.tsx] 
font-weight: bold;
color: purple;
 Uploading upload8 filename=강사_제작예시.html @ https://discord.com/assets/556707.bb1a25f3c212ce8f.js:464
[   61694ms] [LOG] %c[CloudUpload.tsx] 
font-weight: bold;
color: purple;
 Attempting to upload attachment with resumeFrom: 0 and attempts: 1 @ https://discord.com/assets/556707.bb1a25f3c212ce8f.js:464
[   61721ms] [LOG] %c[CloudUpload.tsx] 
font-weight: bold;
color: purple;
 Uploading upload4 filename=와이어프레임_시안3.html @ https://discord.com/assets/556707.bb1a25f3c212ce8f.js:464
[   61721ms] [LOG] %c[CloudUpload.tsx] 
font-weight: bold;
color: purple;
 Attempting to upload attachment with resumeFrom: 0 and attempts: 1 @ https://discord.com/assets/556707.bb1a25f3c212ce8f.js:464
[   61992ms] [LOG] %c[CloudUpload.tsx] 
font-weight: bold;
color: purple;
 Uploading upload3 filename=와이어프레임_시안2.html @ https://discord.com/assets/556707.bb1a25f3c212ce8f.js:464
[   61992ms] [LOG] %c[CloudUpload.tsx] 
font-weight: bold;
color: purple;
 Attempting to upload attachment with resumeFrom: 0 and attempts: 1 @ https://discord.com/assets/556707.bb1a25f3c212ce8f.js:464
[   62224ms] [LOG] %c[CloudUpload.tsx] 
font-weight: bold;
color: purple;
 Upload complete for upload8 @ https://discord.com/assets/556707.bb1a25f3c212ce8f.js:464
[   62544ms] [LOG] %c[CloudUpload.tsx] 
font-weight: bold;
color: purple;
 Upload complete for upload2 @ https://discord.com/assets/556707.bb1a25f3c212ce8f.js:464
[   62722ms] [LOG] %c[CloudUpload.tsx] 
font-weight: bold;
color: purple;
 Upload complete for upload5 @ https://discord.com/assets/556707.bb1a25f3c212ce8f.js:464
[   62752ms] [LOG] %c[CloudUpload.tsx] 
font-weight: bold;
color: purple;
 Upload complete for upload4 @ https://discord.com/assets/556707.bb1a25f3c212ce8f.js:464
[   62791ms] [LOG] %c[CloudUpload.tsx] 
font-weight: bold;
color: purple;
 Upload complete for upload7 @ https://discord.com/assets/556707.bb1a25f3c212ce8f.js:464
[   62847ms] [LOG] %c[CloudUpload.tsx] 
font-weight: bold;
color: purple;
 Upload complete for upload6 @ https://discord.com/assets/556707.bb1a25f3c212ce8f.js:464
[   63127ms] [LOG] %c[CloudUpload.tsx] 
font-weight: bold;
color: purple;
 Upload complete for upload3 @ https://discord.com/assets/556707.bb1a25f3c212ce8f.js:464
[   66754ms] [LOG] %c[UploaderBase.tsx] 
font-weight: bold;
color: purple;
 setUploadingTextForUI - total content: 1383720 bytes and 7 attachments for Uploader16 @ https://discord.com/assets/556707.bb1a25f3c212ce8f.js:464
[   66756ms] [LOG] %c[UploaderBase.tsx] 
font-weight: bold;
color: purple;
 _handleComplete for Uploader16 @ https://discord.com/assets/556707.bb1a25f3c212ce8f.js:464
[   66756ms] [INFO] %c[MessageQueue] 
font-weight: bold;
color: purple;
 Queueing message to be sent LogId:8942 @ https://discord.com/assets/556707.bb1a25f3c212ce8f.js:464
[   66756ms] [LOG] %c[MessageQueue] 
font-weight: bold;
color: purple;
 Draining message from queue LogId:8942 QueueLength: 0 @ https://discord.com/assets/556707.bb1a25f3c212ce8f.js:464
[   66756ms] [LOG] %c[MessageQueue] 
font-weight: bold;
color: purple;
 Draining Message Queue with:  0 @ https://discord.com/assets/556707.bb1a25f3c212ce8f.js:464
[   68869ms] [LOG] %c[MessageQueue] 
font-weight: bold;
color: purple;
 Finished draining message from queue LogId:8942 QueueLength: 0 @ https://discord.com/assets/556707.bb1a25f3c212ce8f.js:464
