[     127ms] [LOG] [FAST CONNECT] wss://gateway.discord.gg/?encoding=json&v=9&compress=zlib-stream, encoding: json, version: 9 @ https://discord.com/channels/1550041523226411038/1550063572220903434:28
[     203ms] [INFO] %c[libdiscore] 
font-weight: bold;
color: purple;
 [experiment_manager] Loaded experiments from cache @ https://discord.com/assets/556707.bb1a25f3c212ce8f.js:464
[     257ms] [LOG] %c[ProcessUtilsElectron] 
font-weight: bold;
color: purple;
 setMemoryInformation not available. @ https://discord.com/assets/556707.bb1a25f3c212ce8f.js:464
[     360ms] [LOG] %c[default] 
font-weight: bold;
color: purple;
 [BUILD INFO] Release Channel: stable, Build Number: 614181, Version Hash: 9cd5ac96bdeb925f3eabb47661399865ad12bbdf @ https://discord.com/assets/556707.bb1a25f3c212ce8f.js:464
[     364ms] [LOG] AppCrashedFatalReport: getLastCrash not supported. @ https://discord.com/assets/556707.bb1a25f3c212ce8f.js:464
[     434ms] [INFO] %c[libdiscore] 
font-weight: bold;
color: purple;
 The answer for life the universe and everything is: 42 @ https://discord.com/assets/556707.bb1a25f3c212ce8f.js:464
[     466ms] [LOG] [FAST CONNECT] sending identify @ https://discord.com/assets/556707.bb1a25f3c212ce8f.js:464
[     980ms] [INFO] %c[GatewaySocket] 
font-weight: bold;
color: purple;
 [CONNECT] wss://gateway.discord.gg, encoding: json, version: 9, compression: zlib-stream @ https://discord.com/assets/556707.bb1a25f3c212ce8f.js:464
[     981ms] [LOG] %c[GatewaySocket] 
font-weight: bold;
color: purple;
 [FAST CONNECT] successfully took over websocket, state: {open: true, identify: true, gateway: wss://gateway.discord.gg/?encoding=json&v=9&compress=zlib-stream, messages: 0} @ https://discord.com/assets/556707.bb1a25f3c212ce8f.js:464
[     981ms] [INFO] %c[GatewaySocket] 
font-weight: bold;
color: purple;
 [CONNECTED] wss://gateway.discord.gg/?encoding=json&v=9&compress=zlib-stream in 0 ms @ https://discord.com/assets/556707.bb1a25f3c212ce8f.js:464
[    1243ms] [INFO] %c[GatewaySocket] 
font-weight: bold;
color: purple;
 [READY] took 263ms, as 865fa2e6f11cd714a6c2c1bb909cda7b @ https://discord.com/assets/556707.bb1a25f3c212ce8f.js:464
[    1250ms] [LOG] %c[Flux] 
font-weight: bold;
color: purple;
 Dispatching CONNECTION_OPEN @ https://discord.com/assets/556707.bb1a25f3c212ce8f.js:464
[    1254ms] [LOG] %c[DatabaseManager] 
font-weight: bold;
color: purple;
 removing database (user: 709071822766735481, database: undefined) @ https://discord.com/assets/556707.bb1a25f3c212ce8f.js:464
[    1267ms] [LOG] %c[MessageActionCreators] 
font-weight: bold;
color: purple;
 Fetching messages for 1550063572220903434 between undefined and undefined. jump={"jumpType":"ANIMATED"} @ https://discord.com/assets/556707.bb1a25f3c212ce8f.js:464
[    1278ms] [INFO] %c[DCF] 
font-weight: bold;
color: purple;
 Daily cap in effect, suppressing fatigable content until tomorrow {shown_dcs: 3} @ https://discord.com/assets/556707.bb1a25f3c212ce8f.js:464
[    1422ms] [INFO] %c[GatewaySocket] 
font-weight: bold;
color: purple;
 [READY_SUPPLEMENTAL] took 442ms @ https://discord.com/assets/556707.bb1a25f3c212ce8f.js:464
[    1433ms] [WARNING] [scriptCost] retained URL count exceeded maxUrls (1000); evicting lowest-cost entries. @ https://discord.com/assets/556707.bb1a25f3c212ce8f.js:464
[    1579ms] [LOG] %c[MessageActionCreators] 
font-weight: bold;
color: purple;
 Fetched 0 messages for 1550063572220903434 isBefore:false isAfter:false @ https://discord.com/assets/556707.bb1a25f3c212ce8f.js:464
[    1580ms] [INFO] %c[ChannelMessages] 
font-weight: bold;
color: purple;
 loadComplete: resetting state for channelId=1550063572220903434, sending.length=0 @ https://discord.com/assets/556707.bb1a25f3c212ce8f.js:464
[    3539ms] [INFO] %c[OverlayKeybindExperimentManager] 
font-weight: bold;
color: purple;
 Experiments initializing... @ https://discord.com/assets/556707.bb1a25f3c212ce8f.js:464
[    3546ms] [INFO] %c[OverlayKeybindExperimentManager] 
font-weight: bold;
color: purple;
 Experiments initialized @ https://discord.com/assets/556707.bb1a25f3c212ce8f.js:464
[    3572ms] [INFO] %c[LibDaveManager] 
font-weight: bold;
color: purple;
 DAVE loaded @ https://discord.com/assets/556707.bb1a25f3c212ce8f.js:464
[    3572ms] [INFO] %c[LibDaveManager] 
font-weight: bold;
color: purple;
 Successfully initialized DAVE @ https://discord.com/assets/556707.bb1a25f3c212ce8f.js:464
[    3572ms] [INFO] %c[MediaEngineWebRTC] 
font-weight: bold;
color: purple;
 Successfully initialized DAVE, version: 1 @ https://discord.com/assets/556707.bb1a25f3c212ce8f.js:464
[    3857ms] [INFO] %c[SignalHelpers.web] 
font-weight: bold;
color: purple;
 signalAllAcceptedCredentials {rpId: discord.com, encodedUserId: MPMD-4wmT1MJ1yEQ5EAAeQ, allAcceptedCredentialIds: Array(0)} @ https://discord.com/assets/556707.bb1a25f3c212ce8f.js:464
[   13548ms] [INFO] %c[libdiscore] 
font-weight: bold;
color: purple;
 [BlockedDomainsStore] Successfully fetched blocked domains @ https://discord.com/assets/556707.bb1a25f3c212ce8f.js:464
[   46172ms] [LOG] %c[CloudUpload.tsx] 
font-weight: bold;
color: purple;
 webp conversion skipped for upload2: unsupported_format @ https://discord.com/assets/556707.bb1a25f3c212ce8f.js:464
[   46172ms] [LOG] %c[CloudUpload.tsx] 
font-weight: bold;
color: purple;
 webp conversion skipped for upload3: unsupported_format @ https://discord.com/assets/556707.bb1a25f3c212ce8f.js:464
[   46172ms] [LOG] %c[CloudUpload.tsx] 
font-weight: bold;
color: purple;
 webp conversion skipped for upload4: unsupported_format @ https://discord.com/assets/556707.bb1a25f3c212ce8f.js:464
[   46172ms] [LOG] %c[CloudUpload.tsx] 
font-weight: bold;
color: purple;
 webp conversion skipped for upload5: unsupported_format @ https://discord.com/assets/556707.bb1a25f3c212ce8f.js:464
[   46172ms] [LOG] %c[CloudUpload.tsx] 
font-weight: bold;
color: purple;
 webp conversion skipped for upload6: unsupported_format @ https://discord.com/assets/556707.bb1a25f3c212ce8f.js:464
[   46172ms] [LOG] %c[CloudUpload.tsx] 
font-weight: bold;
color: purple;
 webp conversion skipped for upload7: unsupported_format @ https://discord.com/assets/556707.bb1a25f3c212ce8f.js:464
[   46172ms] [LOG] %c[CloudUpload.tsx] 
font-weight: bold;
color: purple;
 webp conversion skipped for upload8: unsupported_format @ https://discord.com/assets/556707.bb1a25f3c212ce8f.js:464
[   46172ms] [LOG] %c[CloudUpload.tsx] 
font-weight: bold;
color: purple;
 webp conversion skipped for upload9: unsupported_format @ https://discord.com/assets/556707.bb1a25f3c212ce8f.js:464
[   46172ms] [LOG] %c[CloudUpload.tsx] 
font-weight: bold;
color: purple;
 webp conversion skipped for upload10: unsupported_format @ https://discord.com/assets/556707.bb1a25f3c212ce8f.js:464
[   46172ms] [LOG] %c[CloudUpload.tsx] 
font-weight: bold;
color: purple;
 webp conversion skipped for upload11: unsupported_format @ https://discord.com/assets/556707.bb1a25f3c212ce8f.js:464
[   46172ms] [LOG] %c[CloudUpload.tsx] 
font-weight: bold;
color: purple;
 Requesting upload url for upload2 @ https://discord.com/assets/556707.bb1a25f3c212ce8f.js:464
[   46174ms] [LOG] %c[CloudUpload.tsx] 
font-weight: bold;
color: purple;
 Requesting upload url for upload3 @ https://discord.com/assets/556707.bb1a25f3c212ce8f.js:464
[   46174ms] [LOG] %c[CloudUpload.tsx] 
font-weight: bold;
color: purple;
 Requesting upload url for upload4 @ https://discord.com/assets/556707.bb1a25f3c212ce8f.js:464
[   46175ms] [LOG] %c[CloudUpload.tsx] 
font-weight: bold;
color: purple;
 Requesting upload url for upload5 @ https://discord.com/assets/556707.bb1a25f3c212ce8f.js:464
[   46177ms] [LOG] %c[CloudUpload.tsx] 
font-weight: bold;
color: purple;
 Requesting upload url for upload6 @ https://discord.com/assets/556707.bb1a25f3c212ce8f.js:464
[   46179ms] [LOG] %c[CloudUpload.tsx] 
font-weight: bold;
color: purple;
 Requesting upload url for upload7 @ https://discord.com/assets/556707.bb1a25f3c212ce8f.js:464
[   46180ms] [LOG] %c[CloudUpload.tsx] 
font-weight: bold;
color: purple;
 Requesting upload url for upload8 @ https://discord.com/assets/556707.bb1a25f3c212ce8f.js:464
[   46182ms] [LOG] %c[CloudUpload.tsx] 
font-weight: bold;
color: purple;
 Requesting upload url for upload9 @ https://discord.com/assets/556707.bb1a25f3c212ce8f.js:464
[   46183ms] [LOG] %c[CloudUpload.tsx] 
font-weight: bold;
color: purple;
 Requesting upload url for upload10 @ https://discord.com/assets/556707.bb1a25f3c212ce8f.js:464
[   46184ms] [LOG] %c[CloudUpload.tsx] 
font-weight: bold;
color: purple;
 Requesting upload url for upload11 @ https://discord.com/assets/556707.bb1a25f3c212ce8f.js:464
[   46468ms] [LOG] %c[CloudUpload.tsx] 
font-weight: bold;
color: purple;
 Uploading upload10 filename=브랜드소개_시안4.html @ https://discord.com/assets/556707.bb1a25f3c212ce8f.js:464
[   46468ms] [LOG] %c[CloudUpload.tsx] 
font-weight: bold;
color: purple;
 Attempting to upload attachment with resumeFrom: 0 and attempts: 1 @ https://discord.com/assets/556707.bb1a25f3c212ce8f.js:464
[   46471ms] [LOG] %c[CloudUpload.tsx] 
font-weight: bold;
color: purple;
 Uploading upload5 filename=메인페이지_와이어프레임_시안4.html @ https://discord.com/assets/556707.bb1a25f3c212ce8f.js:464
[   46471ms] [LOG] %c[CloudUpload.tsx] 
font-weight: bold;
color: purple;
 Attempting to upload attachment with resumeFrom: 0 and attempts: 1 @ https://discord.com/assets/556707.bb1a25f3c212ce8f.js:464
[   46472ms] [LOG] %c[CloudUpload.tsx] 
font-weight: bold;
color: purple;
 Uploading upload2 filename=메인페이지_와이어프레임_시안1.html @ https://discord.com/assets/556707.bb1a25f3c212ce8f.js:464
[   46472ms] [LOG] %c[CloudUpload.tsx] 
font-weight: bold;
color: purple;
 Attempting to upload attachment with resumeFrom: 0 and attempts: 1 @ https://discord.com/assets/556707.bb1a25f3c212ce8f.js:464
[   46473ms] [LOG] %c[CloudUpload.tsx] 
font-weight: bold;
color: purple;
 Uploading upload7 filename=브랜드소개_시안1.html @ https://discord.com/assets/556707.bb1a25f3c212ce8f.js:464
[   46473ms] [LOG] %c[CloudUpload.tsx] 
font-weight: bold;
color: purple;
 Attempting to upload attachment with resumeFrom: 0 and attempts: 1 @ https://discord.com/assets/556707.bb1a25f3c212ce8f.js:464
[   46474ms] [LOG] %c[CloudUpload.tsx] 
font-weight: bold;
color: purple;
 Uploading upload4 filename=메인페이지_와이어프레임_시안3.html @ https://discord.com/assets/556707.bb1a25f3c212ce8f.js:464
[   46474ms] [LOG] %c[CloudUpload.tsx] 
font-weight: bold;
color: purple;
 Attempting to upload attachment with resumeFrom: 0 and attempts: 1 @ https://discord.com/assets/556707.bb1a25f3c212ce8f.js:464
[   46477ms] [LOG] %c[CloudUpload.tsx] 
font-weight: bold;
color: purple;
 Uploading upload6 filename=메인페이지_와이어프레임_시안5.html @ https://discord.com/assets/556707.bb1a25f3c212ce8f.js:464
[   46478ms] [LOG] %c[CloudUpload.tsx] 
font-weight: bold;
color: purple;
 Attempting to upload attachment with resumeFrom: 0 and attempts: 1 @ https://discord.com/assets/556707.bb1a25f3c212ce8f.js:464
[   46481ms] [LOG] %c[CloudUpload.tsx] 
font-weight: bold;
color: purple;
 Uploading upload9 filename=브랜드소개_시안3.html @ https://discord.com/assets/556707.bb1a25f3c212ce8f.js:464
[   46481ms] [LOG] %c[CloudUpload.tsx] 
font-weight: bold;
color: purple;
 Attempting to upload attachment with resumeFrom: 0 and attempts: 1 @ https://discord.com/assets/556707.bb1a25f3c212ce8f.js:464
[   46495ms] [LOG] %c[CloudUpload.tsx] 
font-weight: bold;
color: purple;
 Uploading upload3 filename=메인페이지_와이어프레임_시안2.html @ https://discord.com/assets/556707.bb1a25f3c212ce8f.js:464
[   46495ms] [LOG] %c[CloudUpload.tsx] 
font-weight: bold;
color: purple;
 Attempting to upload attachment with resumeFrom: 0 and attempts: 1 @ https://discord.com/assets/556707.bb1a25f3c212ce8f.js:464
[   46506ms] [LOG] %c[CloudUpload.tsx] 
font-weight: bold;
color: purple;
 Uploading upload11 filename=카테고리_시안1.html @ https://discord.com/assets/556707.bb1a25f3c212ce8f.js:464
[   46506ms] [LOG] %c[CloudUpload.tsx] 
font-weight: bold;
color: purple;
 Attempting to upload attachment with resumeFrom: 0 and attempts: 1 @ https://discord.com/assets/556707.bb1a25f3c212ce8f.js:464
[   46527ms] [LOG] %c[CloudUpload.tsx] 
font-weight: bold;
color: purple;
 Uploading upload8 filename=브랜드소개_시안2.html @ https://discord.com/assets/556707.bb1a25f3c212ce8f.js:464
[   46527ms] [LOG] %c[CloudUpload.tsx] 
font-weight: bold;
color: purple;
 Attempting to upload attachment with resumeFrom: 0 and attempts: 1 @ https://discord.com/assets/556707.bb1a25f3c212ce8f.js:464
[   47444ms] [LOG] %c[CloudUpload.tsx] 
font-weight: bold;
color: purple;
 Upload complete for upload4 @ https://discord.com/assets/556707.bb1a25f3c212ce8f.js:464
[   47446ms] [LOG] %c[CloudUpload.tsx] 
font-weight: bold;
color: purple;
 Upload complete for upload5 @ https://discord.com/assets/556707.bb1a25f3c212ce8f.js:464
[   47447ms] [LOG] %c[CloudUpload.tsx] 
font-weight: bold;
color: purple;
 Upload complete for upload2 @ https://discord.com/assets/556707.bb1a25f3c212ce8f.js:464
[   47461ms] [LOG] %c[CloudUpload.tsx] 
font-weight: bold;
color: purple;
 Upload complete for upload11 @ https://discord.com/assets/556707.bb1a25f3c212ce8f.js:464
[   47472ms] [LOG] %c[CloudUpload.tsx] 
font-weight: bold;
color: purple;
 Upload complete for upload3 @ https://discord.com/assets/556707.bb1a25f3c212ce8f.js:464
[   47477ms] [LOG] %c[CloudUpload.tsx] 
font-weight: bold;
color: purple;
 Upload complete for upload10 @ https://discord.com/assets/556707.bb1a25f3c212ce8f.js:464
[   47804ms] [LOG] %c[CloudUpload.tsx] 
font-weight: bold;
color: purple;
 Upload complete for upload7 @ https://discord.com/assets/556707.bb1a25f3c212ce8f.js:464
[   47820ms] [LOG] %c[CloudUpload.tsx] 
font-weight: bold;
color: purple;
 Upload complete for upload9 @ https://discord.com/assets/556707.bb1a25f3c212ce8f.js:464
[   47873ms] [LOG] %c[CloudUpload.tsx] 
font-weight: bold;
color: purple;
 Upload complete for upload6 @ https://discord.com/assets/556707.bb1a25f3c212ce8f.js:464
[   48205ms] [LOG] %c[CloudUpload.tsx] 
font-weight: bold;
color: purple;
 Upload complete for upload8 @ https://discord.com/assets/556707.bb1a25f3c212ce8f.js:464
[   52447ms] [LOG] %c[UploaderBase.tsx] 
font-weight: bold;
color: purple;
 setUploadingTextForUI - total content: 769971 bytes and 10 attachments for Uploader22 @ https://discord.com/assets/556707.bb1a25f3c212ce8f.js:464
[   52449ms] [LOG] %c[UploaderBase.tsx] 
font-weight: bold;
color: purple;
 _handleComplete for Uploader22 @ https://discord.com/assets/556707.bb1a25f3c212ce8f.js:464
[   52449ms] [INFO] %c[MessageQueue] 
font-weight: bold;
color: purple;
 Queueing message to be sent LogId:6069 @ https://discord.com/assets/556707.bb1a25f3c212ce8f.js:464
[   52449ms] [LOG] %c[MessageQueue] 
font-weight: bold;
color: purple;
 Draining message from queue LogId:6069 QueueLength: 0 @ https://discord.com/assets/556707.bb1a25f3c212ce8f.js:464
[   52449ms] [LOG] %c[MessageQueue] 
font-weight: bold;
color: purple;
 Draining Message Queue with:  0 @ https://discord.com/assets/556707.bb1a25f3c212ce8f.js:464
[   55007ms] [LOG] %c[MessageQueue] 
font-weight: bold;
color: purple;
 Finished draining message from queue LogId:6069 QueueLength: 0 @ https://discord.com/assets/556707.bb1a25f3c212ce8f.js:464
[   84178ms] [WARNING] %c[CloudUpload.tsx] 
font-weight: bold;
color: purple;
 webp conversion skipped for upload24: too big @ https://discord.com/assets/556707.bb1a25f3c212ce8f.js:464
[   84180ms] [LOG] %c[CloudUpload.tsx] 
font-weight: bold;
color: purple;
 Requesting upload url for upload24 @ https://discord.com/assets/556707.bb1a25f3c212ce8f.js:464
[   84182ms] [LOG] %c[CloudUpload.tsx] 
font-weight: bold;
color: purple;
 webp conversion skipped for upload23: unsupported_format @ https://discord.com/assets/556707.bb1a25f3c212ce8f.js:464
[   84182ms] [LOG] %c[CloudUpload.tsx] 
font-weight: bold;
color: purple;
 Requesting upload url for upload23 @ https://discord.com/assets/556707.bb1a25f3c212ce8f.js:464
[   84469ms] [LOG] %c[CloudUpload.tsx] 
font-weight: bold;
color: purple;
 Uploading upload23 filename=카테고리_시안2.html @ https://discord.com/assets/556707.bb1a25f3c212ce8f.js:464
[   84469ms] [LOG] %c[CloudUpload.tsx] 
font-weight: bold;
color: purple;
 Attempting to upload attachment with resumeFrom: 0 and attempts: 1 @ https://discord.com/assets/556707.bb1a25f3c212ce8f.js:464
[   84560ms] [LOG] %c[CloudUpload.tsx] 
font-weight: bold;
color: purple;
 Uploading upload24 filename=강사_제작예시.html @ https://discord.com/assets/556707.bb1a25f3c212ce8f.js:464
[   84560ms] [LOG] %c[CloudUpload.tsx] 
font-weight: bold;
color: purple;
 Attempting to upload attachment with resumeFrom: 0 and attempts: 1 @ https://discord.com/assets/556707.bb1a25f3c212ce8f.js:464
[   85129ms] [LOG] %c[CloudUpload.tsx] 
font-weight: bold;
color: purple;
 Upload complete for upload23 @ https://discord.com/assets/556707.bb1a25f3c212ce8f.js:464
[   85774ms] [LOG] %c[CloudUpload.tsx] 
font-weight: bold;
color: purple;
 Upload complete for upload24 @ https://discord.com/assets/556707.bb1a25f3c212ce8f.js:464
[   89539ms] [LOG] %c[UploaderBase.tsx] 
font-weight: bold;
color: purple;
 setUploadingTextForUI - total content: 928191 bytes and 2 attachments for Uploader27 @ https://discord.com/assets/556707.bb1a25f3c212ce8f.js:464
[   89541ms] [LOG] %c[UploaderBase.tsx] 
font-weight: bold;
color: purple;
 _handleComplete for Uploader27 @ https://discord.com/assets/556707.bb1a25f3c212ce8f.js:464
[   89541ms] [INFO] %c[MessageQueue] 
font-weight: bold;
color: purple;
 Queueing message to be sent LogId:8092 @ https://discord.com/assets/556707.bb1a25f3c212ce8f.js:464
[   89541ms] [LOG] %c[MessageQueue] 
font-weight: bold;
color: purple;
 Draining message from queue LogId:8092 QueueLength: 0 @ https://discord.com/assets/556707.bb1a25f3c212ce8f.js:464
[   89541ms] [LOG] %c[MessageQueue] 
font-weight: bold;
color: purple;
 Draining Message Queue with:  0 @ https://discord.com/assets/556707.bb1a25f3c212ce8f.js:464
[   90375ms] [LOG] %c[MessageQueue] 
font-weight: bold;
color: purple;
 Finished draining message from queue LogId:8092 QueueLength: 0 @ https://discord.com/assets/556707.bb1a25f3c212ce8f.js:464
