[     194ms] [LOG] [FAST CONNECT] wss://gateway.discord.gg/?encoding=json&v=9&compress=zlib-stream, encoding: json, version: 9 @ https://discord.com/channels/1550041523226411038/1550063460606410792:28
[     265ms] [INFO] %c[libdiscore] 
font-weight: bold;
color: purple;
 [experiment_manager] Loaded experiments from cache @ https://discord.com/assets/556707.bb1a25f3c212ce8f.js:464
[     321ms] [LOG] %c[ProcessUtilsElectron] 
font-weight: bold;
color: purple;
 setMemoryInformation not available. @ https://discord.com/assets/556707.bb1a25f3c212ce8f.js:464
[     425ms] [LOG] %c[default] 
font-weight: bold;
color: purple;
 [BUILD INFO] Release Channel: stable, Build Number: 614181, Version Hash: 9cd5ac96bdeb925f3eabb47661399865ad12bbdf @ https://discord.com/assets/556707.bb1a25f3c212ce8f.js:464
[     429ms] [LOG] AppCrashedFatalReport: getLastCrash not supported. @ https://discord.com/assets/556707.bb1a25f3c212ce8f.js:464
[     481ms] [INFO] %c[libdiscore] 
font-weight: bold;
color: purple;
 The answer for life the universe and everything is: 42 @ https://discord.com/assets/556707.bb1a25f3c212ce8f.js:464
[     518ms] [LOG] [FAST CONNECT] sending identify @ https://discord.com/assets/556707.bb1a25f3c212ce8f.js:464
[     951ms] [INFO] %c[GatewaySocket] 
font-weight: bold;
color: purple;
 [CONNECT] wss://gateway.discord.gg, encoding: json, version: 9, compression: zlib-stream @ https://discord.com/assets/556707.bb1a25f3c212ce8f.js:464
[     951ms] [LOG] %c[GatewaySocket] 
font-weight: bold;
color: purple;
 [FAST CONNECT] successfully took over websocket, state: {open: true, identify: true, gateway: wss://gateway.discord.gg/?encoding=json&v=9&compress=zlib-stream, messages: 0} @ https://discord.com/assets/556707.bb1a25f3c212ce8f.js:464
[     952ms] [INFO] %c[GatewaySocket] 
font-weight: bold;
color: purple;
 [CONNECTED] wss://gateway.discord.gg/?encoding=json&v=9&compress=zlib-stream in 0 ms @ https://discord.com/assets/556707.bb1a25f3c212ce8f.js:464
[    1191ms] [INFO] %c[GatewaySocket] 
font-weight: bold;
color: purple;
 [READY] took 240ms, as 89f90320f847275d28670c6ecadbfb8f @ https://discord.com/assets/556707.bb1a25f3c212ce8f.js:464
[    1212ms] [LOG] %c[Flux] 
font-weight: bold;
color: purple;
 Dispatching CONNECTION_OPEN @ https://discord.com/assets/556707.bb1a25f3c212ce8f.js:464
[    1219ms] [LOG] %c[DatabaseManager] 
font-weight: bold;
color: purple;
 removing database (user: 709071822766735481, database: undefined) @ https://discord.com/assets/556707.bb1a25f3c212ce8f.js:464
[    1233ms] [LOG] %c[MessageActionCreators] 
font-weight: bold;
color: purple;
 Fetching messages for 1550063460606410792 between undefined and undefined. jump={"jumpType":"ANIMATED"} @ https://discord.com/assets/556707.bb1a25f3c212ce8f.js:464
[    1418ms] [INFO] %c[GatewaySocket] 
font-weight: bold;
color: purple;
 [READY_SUPPLEMENTAL] took 466ms @ https://discord.com/assets/556707.bb1a25f3c212ce8f.js:464
[    1424ms] [WARNING] [scriptCost] retained URL count exceeded maxUrls (1000); evicting lowest-cost entries. @ https://discord.com/assets/556707.bb1a25f3c212ce8f.js:464
[    1540ms] [LOG] %c[MessageActionCreators] 
font-weight: bold;
color: purple;
 Fetched 1 messages for 1550063460606410792 isBefore:false isAfter:false @ https://discord.com/assets/556707.bb1a25f3c212ce8f.js:464
[    1541ms] [INFO] %c[ChannelMessages] 
font-weight: bold;
color: purple;
 loadComplete: resetting state for channelId=1550063460606410792, sending.length=0 @ https://discord.com/assets/556707.bb1a25f3c212ce8f.js:464
[    1697ms] [INFO] %c[DCF] 
font-weight: bold;
color: purple;
 Daily cap reached {dismissible_content: 16, shown_dcs: 3} @ https://discord.com/assets/556707.bb1a25f3c212ce8f.js:464
[    3508ms] [INFO] %c[OverlayKeybindExperimentManager] 
font-weight: bold;
color: purple;
 Experiments initializing... @ https://discord.com/assets/556707.bb1a25f3c212ce8f.js:464
[    3513ms] [INFO] %c[OverlayKeybindExperimentManager] 
font-weight: bold;
color: purple;
 Experiments initialized @ https://discord.com/assets/556707.bb1a25f3c212ce8f.js:464
[    3535ms] [INFO] %c[LibDaveManager] 
font-weight: bold;
color: purple;
 DAVE loaded @ https://discord.com/assets/556707.bb1a25f3c212ce8f.js:464
[    3535ms] [INFO] %c[LibDaveManager] 
font-weight: bold;
color: purple;
 Successfully initialized DAVE @ https://discord.com/assets/556707.bb1a25f3c212ce8f.js:464
[    3535ms] [INFO] %c[MediaEngineWebRTC] 
font-weight: bold;
color: purple;
 Successfully initialized DAVE, version: 1 @ https://discord.com/assets/556707.bb1a25f3c212ce8f.js:464
[    3799ms] [INFO] %c[SignalHelpers.web] 
font-weight: bold;
color: purple;
 signalAllAcceptedCredentials {rpId: discord.com, encodedUserId: MPMD-4wmT1MJ1yEQ5EAAeQ, allAcceptedCredentialIds: Array(0)} @ https://discord.com/assets/556707.bb1a25f3c212ce8f.js:464
[   13522ms] [INFO] %c[libdiscore] 
font-weight: bold;
color: purple;
 [BlockedDomainsStore] Successfully fetched blocked domains @ https://discord.com/assets/556707.bb1a25f3c212ce8f.js:464
[   45036ms] [WARNING] %c[CloudUpload.tsx] 
font-weight: bold;
color: purple;
 webp conversion skipped for upload11: too big @ https://discord.com/assets/556707.bb1a25f3c212ce8f.js:464
[   45048ms] [LOG] %c[CloudUpload.tsx] 
font-weight: bold;
color: purple;
 Requesting upload url for upload11 @ https://discord.com/assets/556707.bb1a25f3c212ce8f.js:464
[   45071ms] [LOG] %c[CloudUpload.tsx] 
font-weight: bold;
color: purple;
 webp conversion skipped for upload2: unsupported_format @ https://discord.com/assets/556707.bb1a25f3c212ce8f.js:464
[   45071ms] [LOG] %c[CloudUpload.tsx] 
font-weight: bold;
color: purple;
 webp conversion skipped for upload3: unsupported_format @ https://discord.com/assets/556707.bb1a25f3c212ce8f.js:464
[   45071ms] [LOG] %c[CloudUpload.tsx] 
font-weight: bold;
color: purple;
 webp conversion skipped for upload4: unsupported_format @ https://discord.com/assets/556707.bb1a25f3c212ce8f.js:464
[   45071ms] [LOG] %c[CloudUpload.tsx] 
font-weight: bold;
color: purple;
 webp conversion skipped for upload5: unsupported_format @ https://discord.com/assets/556707.bb1a25f3c212ce8f.js:464
[   45071ms] [LOG] %c[CloudUpload.tsx] 
font-weight: bold;
color: purple;
 webp conversion skipped for upload6: unsupported_format @ https://discord.com/assets/556707.bb1a25f3c212ce8f.js:464
[   45071ms] [LOG] %c[CloudUpload.tsx] 
font-weight: bold;
color: purple;
 webp conversion skipped for upload7: unsupported_format @ https://discord.com/assets/556707.bb1a25f3c212ce8f.js:464
[   45071ms] [LOG] %c[CloudUpload.tsx] 
font-weight: bold;
color: purple;
 webp conversion skipped for upload8: unsupported_format @ https://discord.com/assets/556707.bb1a25f3c212ce8f.js:464
[   45071ms] [LOG] %c[CloudUpload.tsx] 
font-weight: bold;
color: purple;
 webp conversion skipped for upload9: unsupported_format @ https://discord.com/assets/556707.bb1a25f3c212ce8f.js:464
[   45071ms] [LOG] %c[CloudUpload.tsx] 
font-weight: bold;
color: purple;
 webp conversion skipped for upload10: unsupported_format @ https://discord.com/assets/556707.bb1a25f3c212ce8f.js:464
[   45071ms] [LOG] %c[CloudUpload.tsx] 
font-weight: bold;
color: purple;
 Requesting upload url for upload2 @ https://discord.com/assets/556707.bb1a25f3c212ce8f.js:464
[   45073ms] [LOG] %c[CloudUpload.tsx] 
font-weight: bold;
color: purple;
 Requesting upload url for upload3 @ https://discord.com/assets/556707.bb1a25f3c212ce8f.js:464
[   45074ms] [LOG] %c[CloudUpload.tsx] 
font-weight: bold;
color: purple;
 Requesting upload url for upload4 @ https://discord.com/assets/556707.bb1a25f3c212ce8f.js:464
[   45075ms] [LOG] %c[CloudUpload.tsx] 
font-weight: bold;
color: purple;
 Requesting upload url for upload5 @ https://discord.com/assets/556707.bb1a25f3c212ce8f.js:464
[   45076ms] [LOG] %c[CloudUpload.tsx] 
font-weight: bold;
color: purple;
 Requesting upload url for upload6 @ https://discord.com/assets/556707.bb1a25f3c212ce8f.js:464
[   45077ms] [LOG] %c[CloudUpload.tsx] 
font-weight: bold;
color: purple;
 Requesting upload url for upload7 @ https://discord.com/assets/556707.bb1a25f3c212ce8f.js:464
[   45079ms] [LOG] %c[CloudUpload.tsx] 
font-weight: bold;
color: purple;
 Requesting upload url for upload8 @ https://discord.com/assets/556707.bb1a25f3c212ce8f.js:464
[   45080ms] [LOG] %c[CloudUpload.tsx] 
font-weight: bold;
color: purple;
 Requesting upload url for upload9 @ https://discord.com/assets/556707.bb1a25f3c212ce8f.js:464
[   45080ms] [LOG] %c[CloudUpload.tsx] 
font-weight: bold;
color: purple;
 Requesting upload url for upload10 @ https://discord.com/assets/556707.bb1a25f3c212ce8f.js:464
[   45360ms] [LOG] %c[CloudUpload.tsx] 
font-weight: bold;
color: purple;
 Uploading upload3 filename=브랜드소개_시안2.html @ https://discord.com/assets/556707.bb1a25f3c212ce8f.js:464
[   45360ms] [LOG] %c[CloudUpload.tsx] 
font-weight: bold;
color: purple;
 Attempting to upload attachment with resumeFrom: 0 and attempts: 1 @ https://discord.com/assets/556707.bb1a25f3c212ce8f.js:464
[   45363ms] [LOG] %c[CloudUpload.tsx] 
font-weight: bold;
color: purple;
 Uploading upload2 filename=브랜드소개_시안1.html @ https://discord.com/assets/556707.bb1a25f3c212ce8f.js:464
[   45363ms] [LOG] %c[CloudUpload.tsx] 
font-weight: bold;
color: purple;
 Attempting to upload attachment with resumeFrom: 0 and attempts: 1 @ https://discord.com/assets/556707.bb1a25f3c212ce8f.js:464
[   45372ms] [LOG] %c[CloudUpload.tsx] 
font-weight: bold;
color: purple;
 Uploading upload10 filename=카테고리_시안2.html @ https://discord.com/assets/556707.bb1a25f3c212ce8f.js:464
[   45373ms] [LOG] %c[CloudUpload.tsx] 
font-weight: bold;
color: purple;
 Attempting to upload attachment with resumeFrom: 0 and attempts: 1 @ https://discord.com/assets/556707.bb1a25f3c212ce8f.js:464
[   45374ms] [LOG] %c[CloudUpload.tsx] 
font-weight: bold;
color: purple;
 Uploading upload7 filename=와이어프레임_시안4.html @ https://discord.com/assets/556707.bb1a25f3c212ce8f.js:464
[   45374ms] [LOG] %c[CloudUpload.tsx] 
font-weight: bold;
color: purple;
 Attempting to upload attachment with resumeFrom: 0 and attempts: 1 @ https://discord.com/assets/556707.bb1a25f3c212ce8f.js:464
[   45376ms] [LOG] %c[CloudUpload.tsx] 
font-weight: bold;
color: purple;
 Uploading upload9 filename=카테고리_시안1.html @ https://discord.com/assets/556707.bb1a25f3c212ce8f.js:464
[   45376ms] [LOG] %c[CloudUpload.tsx] 
font-weight: bold;
color: purple;
 Attempting to upload attachment with resumeFrom: 0 and attempts: 1 @ https://discord.com/assets/556707.bb1a25f3c212ce8f.js:464
[   45383ms] [LOG] %c[CloudUpload.tsx] 
font-weight: bold;
color: purple;
 Uploading upload6 filename=와이어프레임_시안3.html @ https://discord.com/assets/556707.bb1a25f3c212ce8f.js:464
[   45383ms] [LOG] %c[CloudUpload.tsx] 
font-weight: bold;
color: purple;
 Attempting to upload attachment with resumeFrom: 0 and attempts: 1 @ https://discord.com/assets/556707.bb1a25f3c212ce8f.js:464
[   45388ms] [LOG] %c[CloudUpload.tsx] 
font-weight: bold;
color: purple;
 Uploading upload11 filename=강사_제작예시.html @ https://discord.com/assets/556707.bb1a25f3c212ce8f.js:464
[   45389ms] [LOG] %c[CloudUpload.tsx] 
font-weight: bold;
color: purple;
 Attempting to upload attachment with resumeFrom: 0 and attempts: 1 @ https://discord.com/assets/556707.bb1a25f3c212ce8f.js:464
[   45392ms] [LOG] %c[CloudUpload.tsx] 
font-weight: bold;
color: purple;
 Uploading upload8 filename=와이어프레임_시안5_최종.html @ https://discord.com/assets/556707.bb1a25f3c212ce8f.js:464
[   45392ms] [LOG] %c[CloudUpload.tsx] 
font-weight: bold;
color: purple;
 Attempting to upload attachment with resumeFrom: 0 and attempts: 1 @ https://discord.com/assets/556707.bb1a25f3c212ce8f.js:464
[   45394ms] [LOG] %c[CloudUpload.tsx] 
font-weight: bold;
color: purple;
 Uploading upload4 filename=브랜드소개_시안3.html @ https://discord.com/assets/556707.bb1a25f3c212ce8f.js:464
[   45394ms] [LOG] %c[CloudUpload.tsx] 
font-weight: bold;
color: purple;
 Attempting to upload attachment with resumeFrom: 0 and attempts: 1 @ https://discord.com/assets/556707.bb1a25f3c212ce8f.js:464
[   45460ms] [LOG] %c[CloudUpload.tsx] 
font-weight: bold;
color: purple;
 Uploading upload5 filename=와이어프레임_시안2.html @ https://discord.com/assets/556707.bb1a25f3c212ce8f.js:464
[   45460ms] [LOG] %c[CloudUpload.tsx] 
font-weight: bold;
color: purple;
 Attempting to upload attachment with resumeFrom: 0 and attempts: 1 @ https://discord.com/assets/556707.bb1a25f3c212ce8f.js:464
[   45874ms] [LOG] %c[CloudUpload.tsx] 
font-weight: bold;
color: purple;
 Upload complete for upload2 @ https://discord.com/assets/556707.bb1a25f3c212ce8f.js:464
[   46042ms] [LOG] %c[CloudUpload.tsx] 
font-weight: bold;
color: purple;
 Upload complete for upload3 @ https://discord.com/assets/556707.bb1a25f3c212ce8f.js:464
[   46125ms] [LOG] %c[CloudUpload.tsx] 
font-weight: bold;
color: purple;
 Upload complete for upload10 @ https://discord.com/assets/556707.bb1a25f3c212ce8f.js:464
[   46230ms] [LOG] %c[CloudUpload.tsx] 
font-weight: bold;
color: purple;
 Upload complete for upload7 @ https://discord.com/assets/556707.bb1a25f3c212ce8f.js:464
[   46251ms] [LOG] %c[CloudUpload.tsx] 
font-weight: bold;
color: purple;
 Upload complete for upload9 @ https://discord.com/assets/556707.bb1a25f3c212ce8f.js:464
[   46419ms] [LOG] %c[CloudUpload.tsx] 
font-weight: bold;
color: purple;
 Upload complete for upload8 @ https://discord.com/assets/556707.bb1a25f3c212ce8f.js:464
[   46500ms] [LOG] %c[CloudUpload.tsx] 
font-weight: bold;
color: purple;
 Upload complete for upload4 @ https://discord.com/assets/556707.bb1a25f3c212ce8f.js:464
[   46650ms] [LOG] %c[CloudUpload.tsx] 
font-weight: bold;
color: purple;
 Upload complete for upload6 @ https://discord.com/assets/556707.bb1a25f3c212ce8f.js:464
[   46850ms] [LOG] %c[CloudUpload.tsx] 
font-weight: bold;
color: purple;
 Upload complete for upload11 @ https://discord.com/assets/556707.bb1a25f3c212ce8f.js:464
[   46999ms] [LOG] %c[CloudUpload.tsx] 
font-weight: bold;
color: purple;
 Upload complete for upload5 @ https://discord.com/assets/556707.bb1a25f3c212ce8f.js:464
[   50959ms] [LOG] %c[UploaderBase.tsx] 
font-weight: bold;
color: purple;
 setUploadingTextForUI - total content: 2058882 bytes and 10 attachments for Uploader22 @ https://discord.com/assets/556707.bb1a25f3c212ce8f.js:464
[   50961ms] [LOG] %c[UploaderBase.tsx] 
font-weight: bold;
color: purple;
 _handleComplete for Uploader22 @ https://discord.com/assets/556707.bb1a25f3c212ce8f.js:464
[   50962ms] [INFO] %c[MessageQueue] 
font-weight: bold;
color: purple;
 Queueing message to be sent LogId:4595 @ https://discord.com/assets/556707.bb1a25f3c212ce8f.js:464
[   50962ms] [LOG] %c[MessageQueue] 
font-weight: bold;
color: purple;
 Draining message from queue LogId:4595 QueueLength: 0 @ https://discord.com/assets/556707.bb1a25f3c212ce8f.js:464
[   50962ms] [LOG] %c[MessageQueue] 
font-weight: bold;
color: purple;
 Draining Message Queue with:  0 @ https://discord.com/assets/556707.bb1a25f3c212ce8f.js:464
[   53468ms] [LOG] %c[MessageQueue] 
font-weight: bold;
color: purple;
 Finished draining message from queue LogId:4595 QueueLength: 0 @ https://discord.com/assets/556707.bb1a25f3c212ce8f.js:464
[   71832ms] [LOG] %c[discord_protos.discord_users.v1.FrecencyUserSettings] 
font-weight: bold;
color: purple;
 Loading proto @ https://discord.com/assets/556707.bb1a25f3c212ce8f.js:464
